LABORATORIO_INFO@LAB03M13 MINGW64 ~/Desktop/teste
$ git init
Initialized empty Git repository in C:/Users/LAB/Desktop/teste/.git/

LABORATORIO_INFO@LAB03M13 MINGW64 ~/Desktop/teste (master)
$ git status
On branch master

No commits yet

Untracked files:
  (use "git add <file>..." to include in what will be committed)

        teste.txt

nothing added to commit but untracked files present (use "git add" to track)

LABORATORIO_INFO@LAB03M13 MINGW64 ~/Desktop/teste (master)
$ git add .

LABORATORIO_INFO@LAB03M13 MINGW64 ~/Desktop/teste (master)
$ git status
On branch master

No commits yet

Changes to be committed:
  (use "git rm --cached <file>..." to unstage)

        new file:   teste.txt


LABORATORIO_INFO@LAB03M13 MINGW64 ~/Desktop/teste (master)
$ git commit -m "teste_in"

*** Please tell me who you are.

Run

  git config --global user.email "you@example.com"
  git config --global user.name "Your Name"

to set your account's default identity.
Omit --global to set the identity only in this repository.

fatal: unable to auto-detect email address (got 'LABORATORIO_INFO@LAB03M13.(none)')

LABORATORIO_INFO@LAB03M13 MINGW64 ~/Desktop/teste (master)
$ git config --global user.email "ruan.jesus@etec.sp.gov.br"

LABORATORIO_INFO@LAB03M13 MINGW64 ~/Desktop/teste (master)
$ git config --global user.name "ruanpablo"

LABORATORIO_INFO@LAB03M13 MINGW64 ~/Desktop/teste (master)
$ git commit -m "Primeiro teste_in"
[master (root-commit) 9068187] Primeiro teste_in
 1 file changed, 1 insertion(+)
 create mode 100644 teste.txt

LABORATORIO_INFO@LAB03M13 MINGW64 ~/Desktop/teste (master)
$ git remote add origin https://github.com/ruanpablo/teste_in.git

LABORATORIO_INFO@LAB03M13 MINGW64 ~/Desktop/teste (master)
$ git push -u origin master
Counting objects: 3, done.
Writing objects: 100% (3/3), 227 bytes | 113.00 KiB/s, done.
Total 3 (delta 0), reused 0 (delta 0)
To https://github.com/ruanpablo/teste_in.git
 * [new branch]      master -> master
Branch 'master' set up to track remote branch 'master' from 'origin'.